["(Default) Inline clickable","Label clickable","LABEL SHOULD BE SET Corner - Top - Left button","Corner - Top - Left clickable","LABEL SHOULD BE SET Corner - Center - Left button"]