["Label, edit, TODO: Add a valid Message TODO: Add an invalid Message, (Default) Basic, blank","Label, edit, TODO: Add a valid Message TODO: Add an invalid Message Helper Message, Helper Message, blank"]