["Label (Default) False edit text","Label","Label True edit text","Message"]