["Headline","functional","Close button","end of article"]