["(Default) Static clickable","Removable clickable","Remove Remove button","","Interactive (Button) button","link Interactive (Link)","Interactive (Checkbox) unchecked checkbox","checked Interactive (Checkbox) checkbox","Interactive (Checkbox) clickable","Interactive (Radio) radio button, 1 of 2","selected Interactive (Radio) radio button, 1 of 2","Interactive (Radio) clickable"]