["Functional clickable","(Default) Regular clickable","Expressive clickable"]