["Label True required edit text","TODO: Add a validMessage","Test selected","Fill out this field","TODO: Add a validMessage. Test"]