- main:
  - heading "DBBadge" [level=1]
  - link "Density arrow_up_right\" / \""
  - text: Functional (Default) Regular Expressive
  - link "Emphasis arrow_up_right\" / \""
  - text: (Default) Weak Strong
  - link "Semantic arrow_up_right\" / \""
  - text: (Default) Adaptive Critical Informational Neutral Successful Warning Adaptive Origin Critical Origin Informational Origin Neutral Origin Successful Origin Warning Origin Adaptive Strong Critical Strong Informational Strong Neutral Strong Successful Strong Warning Strong
  - link "Size arrow_up_right\" / \""
  - text: (Default) Small Medium
  - link "Content arrow_up_right\" / \""
  - text: (Default) Text Dot - Small Icon - Small
  - link "Placement arrow_up_right\" / \""
  - text: (Default) Inline Label
  - button "x_placeholder\" / \" LABEL SHOULD BE SET Corner - Top - Left"
  - text: Corner - Top - Left
  - button "x_placeholder\" / \" LABEL SHOULD BE SET Corner - Center - Left"
  - text: Corner - Center - Left
  - button "x_placeholder\" / \" LABEL SHOULD BE SET Corner - Bottom- Left"
  - text: Corner - Bottom- Left
  - button "x_placeholder\" / \" LABEL SHOULD BE SET Corner - Top - Right"
  - text: Corner - Top - Right
  - button "x_placeholder\" / \" LABEL SHOULD BE SET Corner - Center - Right"
  - text: Corner - Center - Right
  - button "x_placeholder\" / \" LABEL SHOULD BE SET Corner - Bottom- Right"
  - text: Corner - Bottom- Right
  - link "Examples arrow_up_right\" / \""
  - text: 9 12 123 9 12 123 Numbers (Default) Text - Medium Dot - Medium Icon - Medium