- main:
  - heading "DBBrand" [level=1]
  - link "Density"
  - text: testFunctional test(Default) Regular testExpressive
  - link "Variants"
  - text: test(Default) With Logo testNo Logo test
  - img "this is a fancy placeholder logo"
  - text: Custom Logo