- main:
  - heading "1DBNavigationItem" [level=1]
  - link "Density"
  - list:
    - listitem:
      - link "Functional"
  - list:
    - listitem:
      - link "(Default) Regular"
  - list:
    - listitem:
      - link "Expressive"
  - link "Disabled"
  - list:
    - listitem:
      - link "(Default) False"
  - list:
    - listitem:
      - link "True" [disabled]
  - link "Active"
  - list:
    - listitem:
      - link "(Default) False"
  - list:
    - listitem:
      - link "True"
  - link "Expanded"
  - list:
    - listitem:
      - link "(Default) False"
  - list:
    - listitem:
      - button "True"
  - link "Show Icon"
  - list:
    - listitem:
      - link "(Default) False"
  - list:
    - listitem:
      - link "True"
  - link "Width"
  - list:
    - listitem:
      - link "(Default) Auto"
  - list:
    - listitem:
      - link "Full"
  - link "Wrap"
  - list:
    - listitem:
      - button "No Wrap (Default)"
  - list:
    - listitem:
      - button "This is a very long text that is broken into multiple lines."
  - list:
    - listitem:
      - button "This is a very long text that is broken into multiple lines."