- dialog:
  - article:
    - button "Close"
    - text: Test