["button, (Default) Text","button, user Icon and Text","button, user Icon"]
