- main:
  - text: test
  - heading "DBBadge" [level=1]
  - link "Density"
  - text: Functional (Default) Regular Expressive
  - link "Emphasis"
  - text: (Default) Weak Strong
  - link "Semantic"
  - text: (Default) Adaptive Critical Informational Neutral Successful Warning Adaptive Strong Critical Strong Informational Strong Neutral Strong Successful Strong Warning Strong
  - link "Size"
  - text: (Default) Small Medium
  - link "Content"
  - text: (Default) Text Dot - Small Icon - Small
  - link "Placement"
  - text: (Default) Inline Label
  - button "LABEL SHOULD BE SET Corner - Top - Left"
  - text: Corner - Top - Left
  - button "LABEL SHOULD BE SET Corner - Center - Left"
  - text: Corner - Center - Left
  - button "LABEL SHOULD BE SET Corner - Bottom- Left"
  - text: Corner - Bottom- Left
  - button "LABEL SHOULD BE SET Corner - Top - Right"
  - text: Corner - Top - Right
  - button "LABEL SHOULD BE SET Corner - Center - Right"
  - text: Corner - Center - Right
  - button "LABEL SHOULD BE SET Corner - Bottom- Right"
  - text: Corner - Bottom- Right
  - link "Examples"
  - text: 9 12 123 9 12 123 Numbers (Default) Text - Medium Dot - Medium Icon - Medium