- main:
  - heading "DBBrand" [level=1]
  - link "Density arrow_up_right\" / \"":
    - /url: http://localhost:8080/react-showcase/#/04/brand?density=regular&color=neutral-bg-basic-level-1&page=density
  - text: brand" / " Functional brand" / " (Default) Regular brand" / " Expressive
  - link "Variants arrow_up_right\" / \"":
    - /url: http://localhost:8080/react-showcase/#/04/brand?density=regular&color=neutral-bg-basic-level-1&page=variants
  - text: brand" / " (Default) With Logo No Logo
  - img "this is a fancy placeholder logo"
  - text: Custom Logo