- main:
  - heading "DBCustomSelect" [level=1]
  - link "Density arrow_up_right\" / \""
  - text: Functional
  - group:
    - article:
      - radiogroup "c41f5dbf-0c8e-4bed-83ec-f4391146ab26":
        - list:
          - listitem:
            - radio "Option 1 none\" / \""
            - text: Option 1 none" / "
          - listitem:
            - radio "Option 2 none\" / \""
            - text: Option 2 none" / "
  - status
  - text: chevron_down" / " (Default) Regular
  - group:
    - article:
      - radiogroup "f4d6dac5-2ff5-4915-bccd-c824afd5df7b":
        - list:
          - listitem:
            - radio "Option 1 none\" / \""
            - text: Option 1 none" / "
          - listitem:
            - radio "Option 2 none\" / \""
            - text: Option 2 none" / "
  - status
  - text: chevron_down" / " Expressive
  - group:
    - article:
      - radiogroup "3d07060a-bafd-4308-9faf-44cc5e9bc357":
        - list:
          - listitem:
            - radio "Option 1 none\" / \""
            - text: Option 1 none" / "
          - listitem:
            - radio "Option 2 none\" / \""
            - text: Option 2 none" / "
  - status
  - text: chevron_down" / "
  - link "Multiple arrow_up_right\" / \""
  - text: (Default) False
  - group:
    - article:
      - radiogroup "c37169e0-4388-40d8-9da0-a969b712c488":
        - list:
          - listitem:
            - radio "Option 1 none\" / \""
            - text: Option 1 none" / "
          - listitem:
            - radio "Option 2 none\" / \""
            - text: Option 2 none" / "
  - status
  - text: chevron_down" / " True
  - group:
    - article:
      - group "92bca443-37bc-430c-81d8-de545495ca25":
        - list:
          - listitem:
            - checkbox "Option 1"
            - text: Option 1
          - listitem:
            - checkbox "Option 2"
            - text: Option 2
  - status
  - text: chevron_down" / "
  - link "Variant arrow_up_right\" / \""
  - text: (Default) Label Above
  - group:
    - article:
      - radiogroup "2b741b14-fce0-43bd-8dee-62d4d2bfcef3":
        - list:
          - listitem:
            - radio "Option 1 none\" / \""
            - text: Option 1 none" / "
          - listitem:
            - radio "Option 2 none\" / \""
            - text: Option 2 none" / "
  - status
  - text: chevron_down" / " Floating Label
  - group:
    - article:
      - radiogroup "17d2c90d-886e-45f5-8ab3-f4375b4c678e":
        - list:
          - listitem:
            - radio "Floating Label none\" / \""
            - text: Floating Label none" / "
          - listitem:
            - radio "Option 2 none\" / \""
            - text: Option 2 none" / "
  - status
  - text: chevron_down" / "
  - link "Show Label arrow_up_right\" / \""
  - text: (Default) True
  - group:
    - article:
      - radiogroup "16aef18a-f731-464e-a004-e3d508aa23c1":
        - list:
          - listitem:
            - radio "Option 1 none\" / \""
            - text: Option 1 none" / "
          - listitem:
            - radio "Option 2 none\" / \""
            - text: Option 2 none" / "
  - status
  - text: chevron_down" / " False
  - group:
    - article:
      - radiogroup "e57cf36c-309e-44d1-b7b8-a34209f5f168":
        - list:
          - listitem:
            - radio "Option 1 none\" / \""
            - text: Option 1 none" / "
          - listitem:
            - radio "Option 2 none\" / \""
            - text: Option 2 none" / "
  - status
  - text: chevron_down" / "
  - link "Show Message arrow_up_right\" / \""
  - text: (Default) False
  - group:
    - article:
      - radiogroup "517f8392-b3ab-4f55-8a31-88e8ac391fb9":
        - list:
          - listitem:
            - radio "Option 1 none\" / \""
            - text: Option 1 none" / "
          - listitem:
            - radio "Option 2 none\" / \""
            - text: Option 2 none" / "
  - status
  - text: chevron_down" / " True
  - group:
    - article:
      - radiogroup "ce0c0e79-cc92-4310-b01b-558ae9eb4920":
        - list:
          - listitem:
            - radio "Option 1 none\" / \""
            - text: Option 1 none" / "
          - listitem:
            - radio "Option 2 none\" / \""
            - text: Option 2 none" / "
  - text: information_circle" / " Helper Message
  - status
  - text: chevron_down" / "
  - link "Show Icon arrow_up_right\" / \""
  - text: (Default) False
  - group:
    - article:
      - radiogroup "bf0b90bb-963c-4fa7-90ac-2d100323d049":
        - list:
          - listitem:
            - radio "Option 1 none\" / \""
            - text: Option 1 none" / "
          - listitem:
            - radio "Option 2 none\" / \""
            - text: Option 2 none" / "
  - status
  - text: chevron_down" / " x_placeholder" / " True
  - group:
    - article:
      - radiogroup "956a92e3-f1df-458c-afff-f8feb24a736e":
        - list:
          - listitem:
            - radio "Option 1 none\" / \""
            - text: Option 1 none" / "
          - listitem:
            - radio "Option 2 none\" / \""
            - text: Option 2 none" / "
  - status
  - text: chevron_down" / "
  - link "Required arrow_up_right\" / \""
  - text: (Default) False
  - group:
    - article:
      - group "bb31a92b-6ad7-415d-b2c6-7018cc315fac":
        - list:
          - listitem:
            - checkbox "Option 1"
            - text: Option 1
          - listitem:
            - checkbox "Option 2"
            - text: Option 2
  - status
  - text: chevron_down" / " True*" / "
  - group:
    - article:
      - group "298bbcae-7fbc-464b-9b12-0d9a099eddb8":
        - list:
          - listitem:
            - checkbox "Option 1"
            - text: Option 1
          - listitem:
            - checkbox "Option 2"
            - text: Option 2
  - status
  - text: chevron_down" / "
  - link "Disabled arrow_up_right\" / \""
  - text: (Default) False
  - group:
    - article:
      - group "3ba176ab-ca05-4953-9476-ff6a8d920dfd":
        - list:
          - listitem:
            - checkbox "Option 1"
            - text: Option 1
          - listitem:
            - checkbox "Option 2"
            - text: Option 2
  - status
  - text: chevron_down" / " True
  - group:
    - article:
      - group "62aa7568-25f2-4722-87f4-1c60368b77f4":
        - list:
          - listitem:
            - checkbox "Option 1"
            - text: Option 1
          - listitem:
            - checkbox "Option 2"
            - text: Option 2
  - status
  - text: chevron_down" / "
  - link "Form Field Width arrow_up_right\" / \""
  - text: (Default) Full
  - group:
    - article:
      - radiogroup "040cfc4c-a8cc-4f4a-b0da-7080ac91dc49":
        - list:
          - listitem:
            - radio "Option 1 none\" / \""
            - text: Option 1 none" / "
          - listitem:
            - radio "Option 2 none\" / \""
            - text: Option 2 none" / "
  - status
  - text: chevron_down" / " Auto
  - group:
    - article:
      - radiogroup "05273c81-2c12-4e39-b8cd-e0e7771cf6ec":
        - list:
          - listitem:
            - radio "Option 1 none\" / \""
            - text: Option 1 none" / "
          - listitem:
            - radio "Option 2 none\" / \""
            - text: Option 2 none" / "
  - status
  - text: chevron_down" / "
  - link "Dropdown Width arrow_up_right\" / \""
  - text: "information_circle\" / \" Form Field Width: Full (Default) Fixed"
  - group:
    - article:
      - radiogroup "657ea72d-f95f-4159-80cc-793001060c22":
        - list:
          - listitem:
            - radio "Option 1 none\" / \""
            - text: Option 1 none" / "
          - listitem:
            - radio "Option 2 none\" / \""
            - text: Option 2 none" / "
  - status
  - text: chevron_down" / " Auto
  - group:
    - article:
      - radiogroup "0428aa2a-d4c2-4d03-afa0-0fb38ac88c49":
        - list:
          - listitem:
            - radio "1 none\" / \""
            - text: 1 none" / "
          - listitem:
            - radio "2 none\" / \""
            - text: 2 none" / "
  - status
  - text: chevron_down" / " Full
  - group:
    - article:
      - radiogroup "f4c02824-fe8d-4f09-a41d-aecdafa4a403":
        - list:
          - listitem:
            - radio "1 none\" / \""
            - text: 1 none" / "
          - listitem:
            - radio "2 none\" / \""
            - text: 2 none" / "
  - status
  - text: "chevron_down\" / \" information_circle\" / \" Form Field Width: Auto (Default) Fixed"
  - group:
    - article:
      - radiogroup "ee4f413d-c427-4d3b-b7e4-bfa92be02d13":
        - list:
          - listitem:
            - radio "Option 1 none\" / \""
            - text: Option 1 none" / "
          - listitem:
            - radio "Option 2 none\" / \""
            - text: Option 2 none" / "
  - status
  - text: chevron_down" / " Auto
  - group:
    - article:
      - radiogroup "b589da26-095b-40f1-8149-a461df64bc10":
        - list:
          - listitem:
            - radio "1 none\" / \""
            - text: 1 none" / "
          - listitem:
            - radio "2 none\" / \""
            - text: 2 none" / "
  - status
  - text: chevron_down" / " Full
  - group:
    - article:
      - radiogroup "8d5c67bd-6a6f-4766-9c97-aa364192bc30":
        - list:
          - listitem:
            - radio "1 none\" / \""
            - text: 1 none" / "
          - listitem:
            - radio "2 none\" / \""
            - text: 2 none" / "
  - status
  - text: chevron_down" / "
  - link "Placement arrow_up_right\" / \""
  - text: "information_circle\" / \" Form Field Width: Full (Default) Bottom"
  - group:
    - article:
      - radiogroup "c7fa4318-8a4c-4be9-8bcf-ef383c7f6c25":
        - list:
          - listitem:
            - radio "Option 1 none\" / \""
            - text: Option 1 none" / "
          - listitem:
            - radio "Option 2 none\" / \""
            - text: Option 2 none" / "
  - status
  - text: chevron_down" / " Top
  - group:
    - article:
      - radiogroup "b09380e1-8bfe-4ac1-b95b-1ee2b4e9f1cd":
        - list:
          - listitem:
            - radio "Option 1 none\" / \""
            - text: Option 1 none" / "
          - listitem:
            - radio "Option 2 none\" / \""
            - text: Option 2 none" / "
  - status
  - text: "chevron_down\" / \" information_circle\" / \" Form Field Width: Auto (Default) Bottom-Start"
  - group:
    - article:
      - radiogroup "a5ffe537-8090-4111-8446-76c30200fde3":
        - list:
          - listitem:
            - radio "Option 1 none\" / \""
            - text: Option 1 none" / "
          - listitem:
            - radio "Option 2 none\" / \""
            - text: Option 2 none" / "
  - status
  - text: chevron_down" / " Bottom-End
  - group:
    - article:
      - radiogroup "dc50a1df-eea3-4f3d-9be9-588b575d17cf":
        - list:
          - listitem:
            - radio "Option 1 none\" / \""
            - text: Option 1 none" / "
          - listitem:
            - radio "Option 2 none\" / \""
            - text: Option 2 none" / "
  - status
  - text: chevron_down" / " Top-Start
  - group:
    - article:
      - radiogroup "e4a4911b-beef-45b9-9ebb-44cb17294b28":
        - list:
          - listitem:
            - radio "Option 1 none\" / \""
            - text: Option 1 none" / "
          - listitem:
            - radio "Option 2 none\" / \""
            - text: Option 2 none" / "
  - status
  - text: chevron_down" / " Top-End
  - group:
    - article:
      - radiogroup "17a11654-1e32-4088-8cde-3f66bbb420fc":
        - list:
          - listitem:
            - radio "Option 1 none\" / \""
            - text: Option 1 none" / "
          - listitem:
            - radio "Option 2 none\" / \""
            - text: Option 2 none" / "
  - status
  - text: chevron_down" / "
  - link "Selected type arrow_up_right\" / \""
  - text: (Default) Text
  - group:
    - article:
      - group "6facc6ba-775c-493d-b938-b996e3346cc2":
        - list:
          - listitem:
            - checkbox "Option 1"
            - text: Option 1
          - listitem:
            - checkbox "Option 2"
            - text: Option 2
          - listitem:
            - checkbox "Option 3"
            - text: Option 3
          - listitem:
            - checkbox "Option 4"
            - text: Option 4
  - status
  - text: chevron_down" / " Amount
  - group:
    - article:
      - group "0940ada1-ef80-4677-abec-0c4320b74b0c":
        - list:
          - listitem:
            - checkbox "Option 1"
            - text: Option 1
          - listitem:
            - checkbox "Option 2"
            - text: Option 2
          - listitem:
            - checkbox "Option 3"
            - text: Option 3
          - listitem:
            - checkbox "Option 4"
            - text: Option 4
  - status
  - text: chevron_down" / " Tag
  - group:
    - article:
      - group "a4ed467c-287e-462e-81f5-39ba47ba9e18":
        - list:
          - listitem:
            - checkbox "Option 1"
            - text: Option 1
          - listitem:
            - checkbox "Option 2"
            - text: Option 2
          - listitem:
            - checkbox "Option 3"
            - text: Option 3
          - listitem:
            - checkbox "Option 4"
            - text: Option 4
  - status
  - text: chevron_down" / "
  - link "Show No Result arrow_up_right\" / \""
  - text: (Default) False
  - group:
    - article:
      - group "8dcf3f8f-f999-4b36-99b1-cb7818fa80fc":
        - list:
          - listitem:
            - checkbox "Option 1"
            - text: Option 1
          - listitem:
            - checkbox "Option 2"
            - text: Option 2
  - status
  - text: chevron_down" / " True
  - group:
    - article: exclamation_mark_triangle" / " Nothing found
  - status
  - text: chevron_down" / "
  - link "Show Loading arrow_up_right\" / \""
  - text: (Default) False
  - group:
    - article:
      - group "c9649f2c-0bf1-4d5d-9d23-38d059831172":
        - list:
          - listitem:
            - checkbox "Option 1"
            - text: Option 1
          - listitem:
            - checkbox "Option 2"
            - text: Option 2
  - status
  - text: chevron_down" / " True
  - group:
    - article: circular_arrows" / " Loading
  - status
  - text: chevron_down" / "
  - link "Show Search arrow_up_right\" / \""
  - text: (Default) False
  - group:
    - article:
      - group "e9011756-32c6-4281-8e00-e702407e5743":
        - list:
          - listitem:
            - checkbox "Option 1"
            - text: Option 1
          - listitem:
            - checkbox "Option 2"
            - text: Option 2
  - status
  - text: chevron_down" / " True
  - group:
    - article:
      - text: magnifying_glass" / " Search
      - searchbox "Search"
      - status
      - text: cross" / "
      - group "76e9bc55-9c2d-4fe4-a52f-040d23de812b":
        - list:
          - listitem:
            - checkbox "Option 1"
            - text: Option 1
          - listitem:
            - checkbox "Option 2"
            - text: Option 2
  - status
  - text: chevron_down" / "
  - link "Show Select All arrow_up_right\" / \""
  - text: (Default) False
  - group:
    - article:
      - group "23fdb4b1-e243-4a99-85d7-da06574d34ba":
        - list:
          - listitem:
            - checkbox "Option 1"
            - text: Option 1
          - listitem:
            - checkbox "Option 2"
            - text: Option 2
  - status
  - text: chevron_down" / " True
  - group:
    - article:
      - checkbox "Select all"
      - text: Select all
      - group "443992ec-8e0c-4422-84d2-6baf0d6a1885":
        - list:
          - listitem:
            - checkbox "Option 1"
            - text: Option 1
          - listitem:
            - checkbox "Option 2"
            - text: Option 2
  - status
  - text: chevron_down" / "
  - link "Show Clear Selection arrow_up_right\" / \""
  - text: (Default) True
  - group:
    - article:
      - group "415c2947-b985-4073-bb8f-75f07efea2a6":
        - list:
          - listitem:
            - checkbox "Option 1"
            - text: Option 1
          - listitem:
            - checkbox "Option 2"
            - text: Option 2
  - status
  - text: chevron_down" / " False
  - group:
    - article:
      - group "e20b52d7-7b45-491b-92a0-2038163f72f9":
        - list:
          - listitem:
            - checkbox "Option 1"
            - text: Option 1
          - listitem:
            - checkbox "Option 2"
            - text: Option 2
  - status
  - text: chevron_down" / "
  - link "Examples Single arrow_up_right\" / \""
  - text: Icons
  - group:
    - article:
      - radiogroup "8ca895df-2d4d-432e-b389-8ce605e619f6":
        - list:
          - listitem:
            - text: x_placeholder" / "
            - radio "x_placeholder\" / \" Option 1 none\" / \""
            - text: Option 1 none" / "
          - listitem:
            - text: x_placeholder" / "
            - radio "x_placeholder\" / \" Option 2 none\" / \""
            - text: Option 2 none" / "
  - status
  - text: chevron_down" / " Less than 6
  - group:
    - article:
      - radiogroup "d2d22fe9-27f9-4f70-8f43-28c3afa555f6":
        - list:
          - listitem:
            - radio "Option 1 none\" / \""
            - text: Option 1 none" / "
          - listitem:
            - radio "Option 2 none\" / \""
            - text: Option 2 none" / "
          - listitem:
            - radio "Option 3 none\" / \""
            - text: Option 3 none" / "
          - listitem:
            - radio "Option 4 none\" / \""
            - text: Option 4 none" / "
          - listitem:
            - radio "Option 5 none\" / \""
            - text: Option 5 none" / "
  - status
  - text: chevron_down" / " Option Group Title
  - group:
    - article:
      - radiogroup "454c7e40-6c66-47c0-a829-bfdcda0529c3":
        - list:
          - listitem: Option group 1
          - listitem:
            - radio "G1:Option 1 none\" / \""
            - text: G1:Option 1 none" / "
          - listitem:
            - radio "G1:Option 2 none\" / \""
            - text: G1:Option 2 none" / "
          - listitem: Option group 2
          - listitem:
            - radio "G2:Option 1 none\" / \""
            - text: G2:Option 1 none" / "
          - listitem:
            - radio "G2:Option 2 none\" / \""
            - text: G2:Option 2 none" / "
  - status
  - text: chevron_down" / " Option Groups
  - group:
    - article:
      - radiogroup "577fba30-fc4a-453f-a006-78b075ab3507":
        - list:
          - listitem:
            - radio "G1:Option 1 none\" / \""
            - text: G1:Option 1 none" / "
          - listitem:
            - radio "G1:Option 2 none\" / \""
            - text: G1:Option 2 none" / "
          - listitem:
            - radio "G2:Option 1 none\" / \""
            - text: G2:Option 1 none" / "
          - listitem:
            - radio "G2:Option 2 none\" / \""
            - text: G2:Option 2 none" / "
  - status
  - text: chevron_down" / " More than 6
  - group:
    - article:
      - radiogroup "c192016b-3592-4ca0-88fc-593d68b750fe":
        - list:
          - listitem:
            - radio "Option 1 none\" / \""
            - text: Option 1 none" / "
          - listitem:
            - radio "Option 2 none\" / \""
            - text: Option 2 none" / "
          - listitem:
            - radio "Option 3 none\" / \""
            - text: Option 3 none" / "
          - listitem:
            - radio "Option 4 none\" / \""
            - text: Option 4 none" / "
          - listitem:
            - radio "Option 5 none\" / \""
            - text: Option 5 none" / "
          - listitem:
            - radio "Option 6 none\" / \""
            - text: Option 6 none" / "
          - listitem:
            - radio "Option 7 none\" / \""
            - text: Option 7 none" / "
  - status
  - text: chevron_down" / " More than 10
  - group:
    - article:
      - text: magnifying_glass" / " Search
      - searchbox "Search"
      - status
      - text: cross" / "
      - radiogroup "e3f8f9d8-6b9b-4ebb-8d98-d7972be248dc":
        - list:
          - listitem:
            - radio "Option 1 none\" / \""
            - text: Option 1 none" / "
          - listitem:
            - radio "Option 2 none\" / \""
            - text: Option 2 none" / "
          - listitem:
            - radio "Option 3 none\" / \""
            - text: Option 3 none" / "
          - listitem:
            - radio "Option 4 none\" / \""
            - text: Option 4 none" / "
          - listitem:
            - radio "Option 5 none\" / \""
            - text: Option 5 none" / "
          - listitem:
            - radio "Option 6 none\" / \""
            - text: Option 6 none" / "
          - listitem:
            - radio "Option 7 none\" / \""
            - text: Option 7 none" / "
          - listitem:
            - radio "Option 8 none\" / \""
            - text: Option 8 none" / "
          - listitem:
            - radio "Option 9 none\" / \""
            - text: Option 9 none" / "
          - listitem:
            - radio "Option 10 none\" / \""
            - text: Option 10 none" / "
  - status
  - text: chevron_down" / "
  - link "Examples Multiple arrow_up_right\" / \""
  - text: Less than 6
  - group:
    - article:
      - group "ce406af6-dde2-4751-a82f-3725d4c2d918":
        - list:
          - listitem:
            - checkbox "Option 1"
            - text: Option 1
          - listitem:
            - checkbox "Option 2"
            - text: Option 2
          - listitem:
            - checkbox "Option 3"
            - text: Option 3
          - listitem:
            - checkbox "Option 4"
            - text: Option 4
          - listitem:
            - checkbox "Option 5"
            - text: Option 5
  - status
  - text: chevron_down" / " Option Group Title
  - group:
    - article:
      - group "2e4f136b-0e5d-4f7b-a4c5-1d48a98f3b06":
        - list:
          - listitem: Option group 1
          - listitem:
            - checkbox "G1:Option 1"
            - text: G1:Option 1
          - listitem:
            - checkbox "G1:Option 2"
            - text: G1:Option 2
          - listitem: Option group 2
          - listitem:
            - checkbox "G2:Option 1"
            - text: G2:Option 1
          - listitem:
            - checkbox "G2:Option 2"
            - text: G2:Option 2
  - status
  - text: chevron_down" / " Option Groups
  - group:
    - article:
      - group "847a9e39-acd4-48b3-85c0-38f4ae74c960":
        - list:
          - listitem:
            - checkbox "G1:Option 1"
            - text: G1:Option 1
          - listitem:
            - checkbox "G1:Option 2"
            - text: G1:Option 2
          - listitem:
            - checkbox "G2:Option 1"
            - text: G2:Option 1
          - listitem:
            - checkbox "G2:Option 2"
            - text: G2:Option 2
  - status
  - text: chevron_down" / " More than 6
  - group:
    - article:
      - checkbox "Select all"
      - text: Select all
      - group "af1879e7-a8ec-453a-a285-4636dc204658":
        - list:
          - listitem:
            - checkbox "Option 1"
            - text: Option 1
          - listitem:
            - checkbox "Option 2"
            - text: Option 2
          - listitem:
            - checkbox "Option 3"
            - text: Option 3
          - listitem:
            - checkbox "Option 4"
            - text: Option 4
          - listitem:
            - checkbox "Option 5"
            - text: Option 5
          - listitem:
            - checkbox "Option 6"
            - text: Option 6
          - listitem:
            - checkbox "Option 7"
            - text: Option 7
  - status
  - text: chevron_down" / " More than 10
  - group:
    - article:
      - text: magnifying_glass" / " Search
      - searchbox "Search"
      - status
      - text: cross" / "
      - checkbox "Select all"
      - text: Select all
      - group "614ec3f3-5fec-4ccd-b055-c7cafb9f0f53":
        - list:
          - listitem:
            - checkbox "Option 1"
            - text: Option 1
          - listitem:
            - checkbox "Option 2"
            - text: Option 2
          - listitem:
            - checkbox "Option 3"
            - text: Option 3
          - listitem:
            - checkbox "Option 4"
            - text: Option 4
          - listitem:
            - checkbox "Option 5"
            - text: Option 5
          - listitem:
            - checkbox "Option 6"
            - text: Option 6
          - listitem:
            - checkbox "Option 7"
            - text: Option 7
          - listitem:
            - checkbox "Option 8"
            - text: Option 8
          - listitem:
            - checkbox "Option 9"
            - text: Option 9
          - listitem:
            - checkbox "Option 10"
            - text: Option 10
  - status
  - text: chevron_down" / "
  - link "Example tags arrow_up_right\" / \""
  - text: Tag grow
  - group:
    - article:
      - group "a761c609-abf2-4a27-a269-3c7dc9028f94":
        - list:
          - listitem:
            - checkbox "Option 1"
            - text: Option 1
          - listitem:
            - checkbox "Option 2"
            - text: Option 2
          - listitem:
            - checkbox "Option 3"
            - text: Option 3
          - listitem:
            - checkbox "Option 4"
            - text: Option 4
  - status
  - text: chevron_down" / " Tag grow + auto
  - group:
    - article:
      - group "fd0b9127-e61a-4341-966b-6d3f48beed63":
        - list:
          - listitem:
            - checkbox "Option 1"
            - text: Option 1
          - listitem:
            - checkbox "Option 2"
            - text: Option 2
          - listitem:
            - checkbox "Option 3"
            - text: Option 3
          - listitem:
            - checkbox "Option 4"
            - text: Option 4
  - status
  - text: chevron_down" / "