["(Default) Text button","Icon & Text button, group","Icon button, group"]
