- text: Label
- textbox "Label": Test Test
- status