- main:
  - heading "DBCustomSelect" [level=1]
  - link "Density arrow_up_right\" / \""
  - text: Functional
  - group:
    - article:
      - radiogroup "4fa58934-e60e-4278-836f-02b3f2446f05":
        - list:
          - listitem:
            - radio "Option 1 none\" / \""
            - text: Option 1 none" / "
          - listitem:
            - radio "Option 2 none\" / \""
            - text: Option 2 none" / "
  - status
  - text: chevron_down" / " (Default) Regular
  - group:
    - article:
      - radiogroup "63ca2f56-e7a3-4ec4-8edc-a77533b0ce28":
        - list:
          - listitem:
            - radio "Option 1 none\" / \""
            - text: Option 1 none" / "
          - listitem:
            - radio "Option 2 none\" / \""
            - text: Option 2 none" / "
  - status
  - text: chevron_down" / " Expressive
  - group:
    - article:
      - radiogroup "8c659d55-c84b-4538-ae27-cb9cb67ad8af":
        - list:
          - listitem:
            - radio "Option 1 none\" / \""
            - text: Option 1 none" / "
          - listitem:
            - radio "Option 2 none\" / \""
            - text: Option 2 none" / "
  - status
  - text: chevron_down" / "
  - link "Multiple arrow_up_right\" / \""
  - text: (Default) False
  - group:
    - article:
      - radiogroup "c4fbd7a3-c80c-4125-bc57-8bb9aec544b6":
        - list:
          - listitem:
            - radio "Option 1 none\" / \""
            - text: Option 1 none" / "
          - listitem:
            - radio "Option 2 none\" / \""
            - text: Option 2 none" / "
  - status
  - text: chevron_down" / " True
  - group:
    - article:
      - group "070a25d7-8daa-4774-9acb-b05539a36255":
        - list:
          - listitem:
            - checkbox "Option 1"
            - text: Option 1
          - listitem:
            - checkbox "Option 2"
            - text: Option 2
  - status
  - text: chevron_down" / "
  - link "Variant arrow_up_right\" / \""
  - text: (Default) Label Above
  - group:
    - article:
      - radiogroup "5f5a1fca-5b30-4316-a3d2-8af010809416":
        - list:
          - listitem:
            - radio "Option 1 none\" / \""
            - text: Option 1 none" / "
          - listitem:
            - radio "Option 2 none\" / \""
            - text: Option 2 none" / "
  - status
  - text: chevron_down" / " Floating Label
  - group:
    - article:
      - radiogroup "be967988-3053-4b20-a2f1-220394a00ca4":
        - list:
          - listitem:
            - radio "Floating Label none\" / \""
            - text: Floating Label none" / "
          - listitem:
            - radio "Option 2 none\" / \""
            - text: Option 2 none" / "
  - status
  - text: chevron_down" / "
  - link "Show Label arrow_up_right\" / \""
  - text: (Default) True
  - group:
    - article:
      - radiogroup "17d72b6f-94b0-4e24-8382-adab24974386":
        - list:
          - listitem:
            - radio "Option 1 none\" / \""
            - text: Option 1 none" / "
          - listitem:
            - radio "Option 2 none\" / \""
            - text: Option 2 none" / "
  - status
  - text: chevron_down" / " False
  - group:
    - article:
      - radiogroup "7aadafde-93ec-4f26-8786-1da6598c471c":
        - list:
          - listitem:
            - radio "Option 1 none\" / \""
            - text: Option 1 none" / "
          - listitem:
            - radio "Option 2 none\" / \""
            - text: Option 2 none" / "
  - status
  - text: chevron_down" / "
  - link "Show Message arrow_up_right\" / \""
  - text: (Default) False
  - group:
    - article:
      - radiogroup "ed6ff3ae-970a-4adf-83f3-d02e635a84a2":
        - list:
          - listitem:
            - radio "Option 1 none\" / \""
            - text: Option 1 none" / "
          - listitem:
            - radio "Option 2 none\" / \""
            - text: Option 2 none" / "
  - status
  - text: chevron_down" / " True
  - group:
    - article:
      - radiogroup "49ad4447-627e-4ee3-a3c3-cd8939828c22":
        - list:
          - listitem:
            - radio "Option 1 none\" / \""
            - text: Option 1 none" / "
          - listitem:
            - radio "Option 2 none\" / \""
            - text: Option 2 none" / "
  - text: information_circle" / " Helper Message
  - status
  - text: chevron_down" / "
  - link "Show Icon arrow_up_right\" / \""
  - text: (Default) False
  - group:
    - article:
      - radiogroup "7c5d4ebe-1a48-451d-b0c1-7a24081e075f":
        - list:
          - listitem:
            - radio "Option 1 none\" / \""
            - text: Option 1 none" / "
          - listitem:
            - radio "Option 2 none\" / \""
            - text: Option 2 none" / "
  - status
  - text: chevron_down" / " x_placeholder" / " True
  - group:
    - article:
      - radiogroup "99117e2e-a361-40fa-bf68-b31cb1165432":
        - list:
          - listitem:
            - radio "Option 1 none\" / \""
            - text: Option 1 none" / "
          - listitem:
            - radio "Option 2 none\" / \""
            - text: Option 2 none" / "
  - status
  - text: chevron_down" / "
  - link "Required arrow_up_right\" / \""
  - text: (Default) False
  - group:
    - article:
      - group "91cd42f7-256c-475c-8a02-e961fadae65b":
        - list:
          - listitem:
            - checkbox "Option 1"
            - text: Option 1
          - listitem:
            - checkbox "Option 2"
            - text: Option 2
  - status
  - text: chevron_down" / " True*" / "
  - group:
    - article:
      - group "ecaeeaa2-84cc-4c7e-b152-f8a81c659f76":
        - list:
          - listitem:
            - checkbox "Option 1"
            - text: Option 1
          - listitem:
            - checkbox "Option 2"
            - text: Option 2
  - status
  - text: chevron_down" / "
  - link "Disabled arrow_up_right\" / \""
  - text: (Default) False
  - group:
    - article:
      - group "554fba07-7c48-4e64-817b-aab577c238c0":
        - list:
          - listitem:
            - checkbox "Option 1"
            - text: Option 1
          - listitem:
            - checkbox "Option 2"
            - text: Option 2
  - status
  - text: chevron_down" / " True
  - group:
    - article:
      - group "e3e67e2c-3580-4e2c-a2fa-f5ebf4ab97b3":
        - list:
          - listitem:
            - checkbox "Option 1"
            - text: Option 1
          - listitem:
            - checkbox "Option 2"
            - text: Option 2
  - status
  - text: chevron_down" / "
  - link "Form Field Width arrow_up_right\" / \""
  - text: (Default) Full
  - group:
    - article:
      - radiogroup "600cc216-eebc-4aaa-91dc-ead2140c2069":
        - list:
          - listitem:
            - radio "Option 1 none\" / \""
            - text: Option 1 none" / "
          - listitem:
            - radio "Option 2 none\" / \""
            - text: Option 2 none" / "
  - status
  - text: chevron_down" / " Auto
  - group:
    - article:
      - radiogroup "3c5e3b60-b0af-4217-9234-fd0f4d6539ed":
        - list:
          - listitem:
            - radio "Option 1 none\" / \""
            - text: Option 1 none" / "
          - listitem:
            - radio "Option 2 none\" / \""
            - text: Option 2 none" / "
  - status
  - text: chevron_down" / "
  - link "Dropdown Width arrow_up_right\" / \""
  - text: "information_circle\" / \" Form Field Width: Full (Default) Fixed"
  - group:
    - article:
      - radiogroup "1edd6fca-f184-4252-b686-177d3fe99a4f":
        - list:
          - listitem:
            - radio "Option 1 none\" / \""
            - text: Option 1 none" / "
          - listitem:
            - radio "Option 2 none\" / \""
            - text: Option 2 none" / "
  - status
  - text: chevron_down" / " Auto
  - group:
    - article:
      - radiogroup "8f090647-1ef6-42a4-ab1a-9dd0bbaf5599":
        - list:
          - listitem:
            - radio "1 none\" / \""
            - text: 1 none" / "
          - listitem:
            - radio "2 none\" / \""
            - text: 2 none" / "
  - status
  - text: chevron_down" / " Full
  - group:
    - article:
      - radiogroup "71a0ddff-298c-4b75-8f88-2cf65102b137":
        - list:
          - listitem:
            - radio "1 none\" / \""
            - text: 1 none" / "
          - listitem:
            - radio "2 none\" / \""
            - text: 2 none" / "
  - status
  - text: "chevron_down\" / \" information_circle\" / \" Form Field Width: Auto (Default) Fixed"
  - group:
    - article:
      - radiogroup "0595e845-46a5-4969-83e4-64dfb235565f":
        - list:
          - listitem:
            - radio "Option 1 none\" / \""
            - text: Option 1 none" / "
          - listitem:
            - radio "Option 2 none\" / \""
            - text: Option 2 none" / "
  - status
  - text: chevron_down" / " Auto
  - group:
    - article:
      - radiogroup "38cbd967-c165-43cb-ae23-db908704db0a":
        - list:
          - listitem:
            - radio "1 none\" / \""
            - text: 1 none" / "
          - listitem:
            - radio "2 none\" / \""
            - text: 2 none" / "
  - status
  - text: chevron_down" / " Full
  - group:
    - article:
      - radiogroup "8a10cde1-80e5-4c00-bc4b-62e1a9144beb":
        - list:
          - listitem:
            - radio "1 none\" / \""
            - text: 1 none" / "
          - listitem:
            - radio "2 none\" / \""
            - text: 2 none" / "
  - status
  - text: chevron_down" / "
  - link "Placement arrow_up_right\" / \""
  - text: "information_circle\" / \" Form Field Width: Full (Default) Bottom"
  - group:
    - article:
      - radiogroup "50b17d56-ef4c-40ed-bd48-26ef5725ca5c":
        - list:
          - listitem:
            - radio "Option 1 none\" / \""
            - text: Option 1 none" / "
          - listitem:
            - radio "Option 2 none\" / \""
            - text: Option 2 none" / "
  - status
  - text: chevron_down" / " Top
  - group:
    - article:
      - radiogroup "2bdf3fad-33b2-4880-9b4d-6d64606e01b0":
        - list:
          - listitem:
            - radio "Option 1 none\" / \""
            - text: Option 1 none" / "
          - listitem:
            - radio "Option 2 none\" / \""
            - text: Option 2 none" / "
  - status
  - text: "chevron_down\" / \" information_circle\" / \" Form Field Width: Auto (Default) Bottom-Start"
  - group:
    - article:
      - radiogroup "91276914-cb3c-4f94-adb2-70465ea72e44":
        - list:
          - listitem:
            - radio "Option 1 none\" / \""
            - text: Option 1 none" / "
          - listitem:
            - radio "Option 2 none\" / \""
            - text: Option 2 none" / "
  - status
  - text: chevron_down" / " Bottom-End
  - group:
    - article:
      - radiogroup "4cd4f973-ac76-4165-b259-d3e101c1a879":
        - list:
          - listitem:
            - radio "Option 1 none\" / \""
            - text: Option 1 none" / "
          - listitem:
            - radio "Option 2 none\" / \""
            - text: Option 2 none" / "
  - status
  - text: chevron_down" / " Top-Start
  - group:
    - article:
      - radiogroup "b0d47e28-3ae8-4e18-bb50-08fb9113e8e5":
        - list:
          - listitem:
            - radio "Option 1 none\" / \""
            - text: Option 1 none" / "
          - listitem:
            - radio "Option 2 none\" / \""
            - text: Option 2 none" / "
  - status
  - text: chevron_down" / " Top-End
  - group:
    - article:
      - radiogroup "9bdd7c37-5df7-4a0e-87eb-453c5627adc8":
        - list:
          - listitem:
            - radio "Option 1 none\" / \""
            - text: Option 1 none" / "
          - listitem:
            - radio "Option 2 none\" / \""
            - text: Option 2 none" / "
  - status
  - text: chevron_down" / "
  - link "Selected type arrow_up_right\" / \""
  - text: (Default) Text
  - group:
    - article:
      - group "3dc1c903-9a02-49fd-95eb-56c39b361615":
        - list:
          - listitem:
            - checkbox "Option 1"
            - text: Option 1
          - listitem:
            - checkbox "Option 2"
            - text: Option 2
          - listitem:
            - checkbox "Option 3"
            - text: Option 3
          - listitem:
            - checkbox "Option 4"
            - text: Option 4
  - status
  - text: chevron_down" / " Amount
  - group:
    - article:
      - group "f1f7b6ba-c2ff-44e1-bb59-2c2451415e07":
        - list:
          - listitem:
            - checkbox "Option 1"
            - text: Option 1
          - listitem:
            - checkbox "Option 2"
            - text: Option 2
          - listitem:
            - checkbox "Option 3"
            - text: Option 3
          - listitem:
            - checkbox "Option 4"
            - text: Option 4
  - status
  - text: chevron_down" / " Tag
  - group:
    - article:
      - group "bcd2c486-a4dd-4863-8bc6-7324ab6ef3e4":
        - list:
          - listitem:
            - checkbox "Option 1"
            - text: Option 1
          - listitem:
            - checkbox "Option 2"
            - text: Option 2
          - listitem:
            - checkbox "Option 3"
            - text: Option 3
          - listitem:
            - checkbox "Option 4"
            - text: Option 4
  - status
  - text: chevron_down" / "
  - link "Show No Result arrow_up_right\" / \""
  - text: (Default) False
  - group:
    - article:
      - group "df8bd13a-08df-4b68-bb58-bef2d67d13b0":
        - list:
          - listitem:
            - checkbox "Option 1"
            - text: Option 1
          - listitem:
            - checkbox "Option 2"
            - text: Option 2
  - status
  - text: chevron_down" / " True
  - group:
    - article: exclamation_mark_triangle" / " Nothing found
  - status
  - text: chevron_down" / "
  - link "Show Loading arrow_up_right\" / \""
  - text: (Default) False
  - group:
    - article:
      - group "275560d4-6a36-439b-bde5-9db024ea967f":
        - list:
          - listitem:
            - checkbox "Option 1"
            - text: Option 1
          - listitem:
            - checkbox "Option 2"
            - text: Option 2
  - status
  - text: chevron_down" / " True
  - group:
    - article: circular_arrows" / " Loading
  - status
  - text: chevron_down" / "
  - link "Show Search arrow_up_right\" / \""
  - text: (Default) False
  - group:
    - article:
      - group "e92fe460-0ef8-4835-8f7a-254adecdba2f":
        - list:
          - listitem:
            - checkbox "Option 1"
            - text: Option 1
          - listitem:
            - checkbox "Option 2"
            - text: Option 2
  - status
  - text: chevron_down" / " True
  - group:
    - article:
      - text: magnifying_glass" / " Search
      - searchbox "Search"
      - status
      - text: cross" / "
      - group "6cc55e12-40c1-49d7-b89f-b119c99953c8":
        - list:
          - listitem:
            - checkbox "Option 1"
            - text: Option 1
          - listitem:
            - checkbox "Option 2"
            - text: Option 2
  - status
  - text: chevron_down" / "
  - link "Show Select All arrow_up_right\" / \""
  - text: (Default) False
  - group:
    - article:
      - group "95d7a9b3-c1fc-4b1b-968c-fa45db7fef9e":
        - list:
          - listitem:
            - checkbox "Option 1"
            - text: Option 1
          - listitem:
            - checkbox "Option 2"
            - text: Option 2
  - status
  - text: chevron_down" / " True
  - group:
    - article:
      - checkbox "Select all"
      - text: Select all
      - group "a03aafc2-5294-4a7d-a811-c4f161e70adc":
        - list:
          - listitem:
            - checkbox "Option 1"
            - text: Option 1
          - listitem:
            - checkbox "Option 2"
            - text: Option 2
  - status
  - text: chevron_down" / "
  - link "Show Clear Selection arrow_up_right\" / \""
  - text: (Default) True
  - group:
    - article:
      - group "3e05b7f8-6e48-4d7a-81ce-ee2b44dcee61":
        - list:
          - listitem:
            - checkbox "Option 1"
            - text: Option 1
          - listitem:
            - checkbox "Option 2"
            - text: Option 2
  - status
  - text: chevron_down" / " False
  - group:
    - article:
      - group "d1f64b9e-3054-4b4a-acbc-06ae9ad40c2c":
        - list:
          - listitem:
            - checkbox "Option 1"
            - text: Option 1
          - listitem:
            - checkbox "Option 2"
            - text: Option 2
  - status
  - text: chevron_down" / "
  - link "Examples Single arrow_up_right\" / \""
  - text: Icons
  - group:
    - article:
      - radiogroup "545b3935-8b98-4cef-bb06-1df8b5336310":
        - list:
          - listitem:
            - text: x_placeholder" / "
            - radio "x_placeholder\" / \" Option 1 none\" / \""
            - text: Option 1 none" / "
          - listitem:
            - text: x_placeholder" / "
            - radio "x_placeholder\" / \" Option 2 none\" / \""
            - text: Option 2 none" / "
  - status
  - text: chevron_down" / " Less than 6
  - group:
    - article:
      - radiogroup "eb76a439-8cdf-4968-a1b4-b100f2a65f30":
        - list:
          - listitem:
            - radio "Option 1 none\" / \""
            - text: Option 1 none" / "
          - listitem:
            - radio "Option 2 none\" / \""
            - text: Option 2 none" / "
          - listitem:
            - radio "Option 3 none\" / \""
            - text: Option 3 none" / "
          - listitem:
            - radio "Option 4 none\" / \""
            - text: Option 4 none" / "
          - listitem:
            - radio "Option 5 none\" / \""
            - text: Option 5 none" / "
  - status
  - text: chevron_down" / " Option Group Title
  - group:
    - article:
      - radiogroup "7073e6e6-1f17-46fb-a108-84bc2dbe9d45":
        - list:
          - listitem: Option group 1
          - listitem:
            - radio "G1:Option 1 none\" / \""
            - text: G1:Option 1 none" / "
          - listitem:
            - radio "G1:Option 2 none\" / \""
            - text: G1:Option 2 none" / "
          - listitem: Option group 2
          - listitem:
            - radio "G2:Option 1 none\" / \""
            - text: G2:Option 1 none" / "
          - listitem:
            - radio "G2:Option 2 none\" / \""
            - text: G2:Option 2 none" / "
  - status
  - text: chevron_down" / " Option Groups
  - group:
    - article:
      - radiogroup "50588071-941a-4dde-9dbb-0fec67fce017":
        - list:
          - listitem:
            - radio "G1:Option 1 none\" / \""
            - text: G1:Option 1 none" / "
          - listitem:
            - radio "G1:Option 2 none\" / \""
            - text: G1:Option 2 none" / "
          - listitem:
            - radio "G2:Option 1 none\" / \""
            - text: G2:Option 1 none" / "
          - listitem:
            - radio "G2:Option 2 none\" / \""
            - text: G2:Option 2 none" / "
  - status
  - text: chevron_down" / " More than 6
  - group:
    - article:
      - radiogroup "03f523dd-2e7c-445d-be6e-40a1bdb6b6b6":
        - list:
          - listitem:
            - radio "Option 1 none\" / \""
            - text: Option 1 none" / "
          - listitem:
            - radio "Option 2 none\" / \""
            - text: Option 2 none" / "
          - listitem:
            - radio "Option 3 none\" / \""
            - text: Option 3 none" / "
          - listitem:
            - radio "Option 4 none\" / \""
            - text: Option 4 none" / "
          - listitem:
            - radio "Option 5 none\" / \""
            - text: Option 5 none" / "
          - listitem:
            - radio "Option 6 none\" / \""
            - text: Option 6 none" / "
          - listitem:
            - radio "Option 7 none\" / \""
            - text: Option 7 none" / "
  - status
  - text: chevron_down" / " More than 10
  - group:
    - article:
      - text: magnifying_glass" / " Search
      - searchbox "Search"
      - status
      - text: cross" / "
      - radiogroup "23b12195-03a5-4904-9375-3e10dae93d18":
        - list:
          - listitem:
            - radio "Option 1 none\" / \""
            - text: Option 1 none" / "
          - listitem:
            - radio "Option 2 none\" / \""
            - text: Option 2 none" / "
          - listitem:
            - radio "Option 3 none\" / \""
            - text: Option 3 none" / "
          - listitem:
            - radio "Option 4 none\" / \""
            - text: Option 4 none" / "
          - listitem:
            - radio "Option 5 none\" / \""
            - text: Option 5 none" / "
          - listitem:
            - radio "Option 6 none\" / \""
            - text: Option 6 none" / "
          - listitem:
            - radio "Option 7 none\" / \""
            - text: Option 7 none" / "
          - listitem:
            - radio "Option 8 none\" / \""
            - text: Option 8 none" / "
          - listitem:
            - radio "Option 9 none\" / \""
            - text: Option 9 none" / "
          - listitem:
            - radio "Option 10 none\" / \""
            - text: Option 10 none" / "
  - status
  - text: chevron_down" / "
  - link "Examples Multiple arrow_up_right\" / \""
  - text: Less than 6
  - group:
    - article:
      - group "8a0e98f7-c206-4abe-9082-e8be44f1033c":
        - list:
          - listitem:
            - checkbox "Option 1"
            - text: Option 1
          - listitem:
            - checkbox "Option 2"
            - text: Option 2
          - listitem:
            - checkbox "Option 3"
            - text: Option 3
          - listitem:
            - checkbox "Option 4"
            - text: Option 4
          - listitem:
            - checkbox "Option 5"
            - text: Option 5
  - status
  - text: chevron_down" / " Option Group Title
  - group:
    - article:
      - group "407d3771-c2f7-4fec-aa83-87ef8a49c874":
        - list:
          - listitem: Option group 1
          - listitem:
            - checkbox "G1:Option 1"
            - text: G1:Option 1
          - listitem:
            - checkbox "G1:Option 2"
            - text: G1:Option 2
          - listitem: Option group 2
          - listitem:
            - checkbox "G2:Option 1"
            - text: G2:Option 1
          - listitem:
            - checkbox "G2:Option 2"
            - text: G2:Option 2
  - status
  - text: chevron_down" / " Option Groups
  - group:
    - article:
      - group "7535a15a-d976-431e-8814-3b68e9554f3e":
        - list:
          - listitem:
            - checkbox "G1:Option 1"
            - text: G1:Option 1
          - listitem:
            - checkbox "G1:Option 2"
            - text: G1:Option 2
          - listitem:
            - checkbox "G2:Option 1"
            - text: G2:Option 1
          - listitem:
            - checkbox "G2:Option 2"
            - text: G2:Option 2
  - status
  - text: chevron_down" / " More than 6
  - group:
    - article:
      - checkbox "Select all"
      - text: Select all
      - group "4035994b-2b96-45e5-83f7-c75a9f7cf93f":
        - list:
          - listitem:
            - checkbox "Option 1"
            - text: Option 1
          - listitem:
            - checkbox "Option 2"
            - text: Option 2
          - listitem:
            - checkbox "Option 3"
            - text: Option 3
          - listitem:
            - checkbox "Option 4"
            - text: Option 4
          - listitem:
            - checkbox "Option 5"
            - text: Option 5
          - listitem:
            - checkbox "Option 6"
            - text: Option 6
          - listitem:
            - checkbox "Option 7"
            - text: Option 7
  - status
  - text: chevron_down" / " More than 10
  - group:
    - article:
      - text: magnifying_glass" / " Search
      - searchbox "Search"
      - status
      - text: cross" / "
      - checkbox "Select all"
      - text: Select all
      - group "5b00a112-e6d7-4e76-b76b-2e2fa3c74efd":
        - list:
          - listitem:
            - checkbox "Option 1"
            - text: Option 1
          - listitem:
            - checkbox "Option 2"
            - text: Option 2
          - listitem:
            - checkbox "Option 3"
            - text: Option 3
          - listitem:
            - checkbox "Option 4"
            - text: Option 4
          - listitem:
            - checkbox "Option 5"
            - text: Option 5
          - listitem:
            - checkbox "Option 6"
            - text: Option 6
          - listitem:
            - checkbox "Option 7"
            - text: Option 7
          - listitem:
            - checkbox "Option 8"
            - text: Option 8
          - listitem:
            - checkbox "Option 9"
            - text: Option 9
          - listitem:
            - checkbox "Option 10"
            - text: Option 10
  - status
  - text: chevron_down" / "
  - link "Example tags arrow_up_right\" / \""
  - text: Tag grow
  - group:
    - article:
      - group "b5097a53-a7a8-40f8-a2c1-1f4b4fa6d502":
        - list:
          - listitem:
            - checkbox "Option 1"
            - text: Option 1
          - listitem:
            - checkbox "Option 2"
            - text: Option 2
          - listitem:
            - checkbox "Option 3"
            - text: Option 3
          - listitem:
            - checkbox "Option 4"
            - text: Option 4
  - status
  - text: chevron_down" / " Tag grow + auto
  - group:
    - article:
      - group "c3caf67c-08d7-446f-a14f-b614502670b8":
        - list:
          - listitem:
            - checkbox "Option 1"
            - text: Option 1
          - listitem:
            - checkbox "Option 2"
            - text: Option 2
          - listitem:
            - checkbox "Option 3"
            - text: Option 3
          - listitem:
            - checkbox "Option 4"
            - text: Option 4
  - status
  - text: chevron_down" / "