- main:
  - heading "1DBSelect" [level=1]
  - link "Density"
  - text: Label
  - combobox "Label":
    - option "Option 1"
    - option "Option 2"
  - text: Functional
  - status
  - text: Label
  - combobox "Label":
    - option "Option 1"
    - option "Option 2"
  - text: (Default) Regular
  - status
  - text: Label
  - combobox "Label":
    - option "Option 1"
    - option "Option 2"
  - text: Expressive
  - status
  - link "Variant"
  - text: Label
  - combobox "Label":
    - option "Option 1"
    - option "Option 2"
  - text: (Default) Label Above
  - status
  - text: Label
  - combobox "Label":
    - option "Floating Label" [selected]
    - option "Option 2"
  - status
  - link "Show Label"
  - text: Label
  - combobox "Label":
    - option "Option 1"
    - option "Option 2"
  - text: (Default) True
  - status
  - text: Label
  - combobox "Label":
    - option "Option 1"
    - option "Option 2"
  - text: "False"
  - status
  - link "Show Message"
  - text: Label
  - combobox "Label":
    - option "Option 1"
    - option "Option 2"
  - text: (Default) False
  - status
  - text: Label
  - combobox "Label":
    - option "Option 1"
    - option "Option 2"
  - text: True Message
  - status
  - link "State"
  - text: Label
  - combobox "Label":
    - option "Option 1"
    - option "Option 2"
  - text: (Default) Empty
  - status
  - text: Label
  - combobox "Label":
    - option "Filled" [selected]
    - option "Option 2"
  - status
  - link "Validation"
  - text: Label
  - combobox "Label":
    - option "Option 1"
    - option "Option 2"
  - text: (Default) No validation
  - status
  - text: Label
  - combobox "Label":
    - option "Option 1"
    - option "Option 2"
  - text: Invalid Invalid Message
  - status
  - text: Label
  - combobox "Label":
    - option "Valid"
    - option "Option 2"
  - text: Valid Valid message
  - status
  - link "Disabled"
  - text: Label
  - combobox "Label":
    - option "Option 1"
    - option "Option 2"
  - text: (Default) False
  - status
  - text: Label
  - combobox "Label" [disabled]:
    - option "Option 1"
    - option "Option 2"
  - text: "True"
  - status
  - link "Content"
  - text: Label
  - combobox "Label":
    - option "Option 1"
    - option "Option 2"
  - text: (Default) Text
  - status
  - text: Label
  - combobox "Label":
    - option "Option 1"
    - option "Option 2"
  - text: Text - Leading Icon
  - status
  - link "Required"
  - text: Label
  - combobox "Label":
    - option "Option 1"
    - option "Option 2"
  - text: (Default) False
  - status
  - text: Label
  - combobox "Label":
    - option "Option 1"
    - option "Option 2"
  - text: "True"
  - status
  - link "Show Required Asterisk"
  - text: Label
  - combobox "Label":
    - option "Option 1"
    - option "Option 2"
  - text: (Default) True
  - status
  - text: Label
  - combobox "Label":
    - option "Option 1"
    - option "Option 2"
  - text: "False"
  - status
  - link "Examples Floating Label"
  - text: Label
  - combobox "Label":
    - option "Option 1"
    - option "Option 2"
  - text: (Default) Empty
  - status
  - text: Label
  - combobox "Label":
    - option "Filled" [selected]
    - option "Option 2"
  - status
  - text: Label
  - combobox "Label" [disabled]:
    - option "Disabled" [selected]
    - option "Option 2"
  - status