- list:
  - listitem:
    - link "Test1":
      - /url: "#"
  - listitem:
    - link "Test2":
      - /url: "#"
  - listitem:
    - link "Test3":
      - /url: "#"