- main:
  - heading "DBInput" [level=1]
  - link "Density"
  - text: Label
  - textbox "Label"
  - status
  - text: Label
  - textbox "Label"
  - status
  - text: Label
  - textbox "Label"
  - status
  - link "Variant"
  - text: Label
  - textbox "Label"
  - status
  - text: Label
  - textbox "Label": Floating
  - status
  - link "Show Label"
  - text: Label
  - textbox "Label"
  - status
  - text: Label
  - textbox "Label"
  - status
  - link "Show Message"
  - text: Label
  - textbox "Label"
  - status
  - text: Label
  - textbox "Label"
  - text: Message
  - status
  - link "State"
  - text: Label
  - textbox "Label"
  - status
  - text: Label
  - textbox "Label": Filled
  - status
  - link "Disabled"
  - text: Label
  - textbox "Label"
  - status
  - text: Label
  - textbox "Label" [disabled]
  - status
  - link "Readonly"
  - text: Label
  - textbox "Label"
  - status
  - text: Label
  - textbox "Label"
  - status
  - link "Validation"
  - text: Label
  - textbox "Label"
  - status
  - text: Label
  - textbox "Label"
  - text: Invalid Message
  - status
  - text: Label
  - textbox "Label"
  - text: Valid message
  - status
  - link "Required"
  - text: Label
  - textbox "Label"
  - status
  - text: Label
  - textbox "Label"
  - status
  - link "Show Required Asterisk"
  - text: Label
  - textbox "Label"
  - status
  - text: Label
  - textbox "Label"
  - status
  - link "Show Icon Leading"
  - text: "False"
  - textbox "False"
  - status
  - text: "True"
  - textbox "True"
  - status
  - link "Show Icon Leading + Trailing"
  - text: "False"
  - textbox "False"
  - status
  - text: "True"
  - textbox "True"
  - status
  - link "Show Icon Trailing"
  - text: "False"
  - textbox "False"
  - status
  - text: "True"
  - textbox "True"
  - status
  - link "Example - Length"
  - text: Label
  - textbox "Label"
  - status
  - text: Label
  - textbox "Label"
  - status
  - text: Label
  - textbox "Label"
  - status
  - link "Example - Types with min and max"
  - text: Label
  - textbox "Label"
  - status
  - text: Label
  - textbox "Label"
  - status
  - text: Label
  - searchbox "Label"
  - status
  - text: Label
  - textbox "Label"
  - status
  - text: Label
  - textbox "Label"
  - status
  - text: Label
  - textbox "Label"
  - status
  - text: Label
  - textbox "Label"
  - status
  - text: Label
  - textbox "Label"
  - status
  - text: Label
  - textbox "Label"
  - status
  - text: Label
  - textbox "Label"
  - status
  - text: Label
  - textbox "Label"
  - status
  - link "Example Floating Label"
  - text: Label
  - textbox "Label"
  - status
  - text: Label
  - textbox "Label": Filled
  - status
  - text: Label
  - textbox "Label" [disabled]
  - status
  - text: Label
  - textbox "Label": Readonly - Filled
  - status
  - link "Example - Types - Floating Label"
  - text: Label
  - textbox "Label"
  - status
  - text: Label
  - textbox "Label"
  - status
  - text: Label
  - searchbox "Label"
  - status
  - text: Label
  - textbox "Label"
  - status
  - text: Label
  - textbox "Label"
  - status
  - text: Label
  - textbox "Label"
  - status
  - text: Label
  - textbox "Label"
  - status
  - text: Label
  - textbox "Label"
  - status
  - text: Label
  - textbox "Label"
  - status
  - text: Label
  - textbox "Label"
  - status
  - text: Label
  - textbox "Label"
  - status
  - text: Label
  - combobox "Label"
  - status
  - text: Label
  - button "Label"
  - status
  - link "Datalist / Typeahead Examples"
  - text: Search Cities
  - combobox "Search Cities"
  - status
  - text: Search Products
  - combobox "Search Products"
  - status
  - text: Search Stations
  - combobox "Search Stations"
  - status