- main:
  - heading "DBDivider" [level=1]
  - link "Density arrow_up_right\" / \"":
    - /url: http://localhost:8080/react-showcase/#/01/divider?density=regular&color=neutral-bg-basic-level-1&page=density
  - text: information_circle" / " Functional information_circle" / " (Default) Regular information_circle" / " Expressive
  - link "Variant arrow_up_right\" / \"":
    - /url: http://localhost:8080/react-showcase/#/01/divider?density=regular&color=neutral-bg-basic-level-1&page=variant
  - text: information_circle" / " (Default) Adaptive - Horizontal information_circle" / " Adaptive - Vertical
  - link "Emphasis arrow_up_right\" / \"":
    - /url: http://localhost:8080/react-showcase/#/01/divider?density=regular&color=neutral-bg-basic-level-1&page=emphasis
  - text: information_circle" / " (Default) Weak information_circle" / " Strong