- text: Label
- combobox "Label":
  - option "Test1" [selected]
  - option "Test2"
- text: Description
- status