- main:
  - heading "DBTabs" [level=1]
  - link "Density arrow_up_right\" / \""
  - text: "Functional:"
  - tablist:
    - tab "Test 1" [selected]: "on"
    - text: Test 1
    - tab "Test 2": "on"
    - text: Test 2
    - tab "Test 3": "on"
    - text: Test 3
  - tabpanel "Test 1": Tab Panel 1
  - text: "(Default) Regular:"
  - tablist:
    - tab "Test 1" [selected]: "on"
    - text: Test 1
    - tab "Test 2": "on"
    - text: Test 2
    - tab "Test 3": "on"
    - text: Test 3
  - tabpanel "Test 1": Tab Panel 1
  - text: "Expressive:"
  - tablist:
    - tab "Test 1" [selected]: "on"
    - text: Test 1
    - tab "Test 2": "on"
    - text: Test 2
    - tab "Test 3": "on"
    - text: Test 3
  - tabpanel "Test 1": Tab Panel 1
  - link "Orientation arrow_up_right\" / \""
  - text: "horizontal:"
  - tablist:
    - tab "Test 1" [selected]: "on"
    - text: Test 1
    - tab "Test 2": "on"
    - text: Test 2
    - tab "Test 3": "on"
    - text: Test 3
  - tabpanel "Test 1": Tab Panel 1
  - text: "vertical:"
  - tablist:
    - tab "Test 1" [selected]: "on"
    - text: Test 1
    - tab "Test 2": "on"
    - text: Test 2
    - tab "Test 3": "on"
    - text: Test 3
  - tabpanel "Test 1": Tab Panel 1
  - link "Width arrow_up_right\" / \""
  - text: "auto:"
  - tablist:
    - tab "Test 1" [selected]: "on"
    - text: Test 1
    - tab "Test 2": "on"
    - text: Test 2
    - tab "Test 3": "on"
    - text: Test 3
  - tabpanel "Test 1": Tab Panel 1
  - text: "full - alignment: start:"
  - tablist:
    - tab "Test 1" [selected]: "on"
    - text: Test 1
    - tab "Test 2": "on"
    - text: Test 2
    - tab "Test 3": "on"
    - text: Test 3
  - tabpanel "Test 1": Tab Panel 1
  - text: "full - alignment: center:"
  - tablist:
    - tab "Test 1" [selected]: "on"
    - text: Test 1
    - tab "Test 2": "on"
    - text: Test 2
    - tab "Test 3": "on"
    - text: Test 3
  - tabpanel "Test 1": Tab Panel 1
  - link "Overflow arrow_up_right\" / \""
  - text: "no overflow:"
  - tablist:
    - tab "Test 1" [selected]: "on"
    - text: Test 1
    - tab "Test 2": "on"
    - text: Test 2
    - tab "Test 3": "on"
    - text: Test 3
  - tabpanel "Test 1": Tab Panel 1
  - text: "with overflow - behaviour: arrows:"
  - button "Scroll right"
  - tablist:
    - tab "Test 1" [selected]: "on"
    - text: Test 1
    - tab "Test 2": "on"
    - text: Test 2
    - tab "Test 3": "on"
    - text: Test 3
    - tab "Test 4": "on"
    - text: Test 4
    - tab "Test 5": "on"
    - text: Test 5
  - tabpanel "Test 1": Tab Panel 1
  - text: "with overflow - behaviour: scrollbar:"
  - tablist:
    - tab "Test 1" [selected]: "on"
    - text: Test 1
    - tab "Test 2": "on"
    - text: Test 2
    - tab "Test 3": "on"
    - text: Test 3
    - tab "Test 4": "on"
    - text: Test 4
    - tab "Test 5": "on"
    - text: Test 5
  - tabpanel "Test 1": Tab Panel 1
  - link "Examples arrow_up_right\" / \""
  - text: "2 tab selected:"
  - tablist:
    - tab "Test 1": "on"
    - text: Test 1
    - tab "Test 2" [selected]: "on"
    - text: Test 2
    - tab "Test 3": "on"
    - text: Test 3
  - tabpanel "Test 2": Tab Panel 2
  - text: "nothing selected:"
  - tablist:
    - tab "Test 1": "on"
    - text: Test 1
    - tab "Test 2": "on"
    - text: Test 2
    - tab "Test 3": "on"
    - text: Test 3