- text: Label
- textbox "Label":
  - /placeholder: " "
  - text: Test
- status