- main:
  - text: test
  - heading "DBAccordionItem" [level=1]
  - link "Density"
  - listitem:
    - group: Functional
  - listitem:
    - group: (Default) Regular
  - listitem:
    - group: Expressive
  - link "Disabled"
  - listitem:
    - group: (Default) False
  - listitem:
    - group [disabled]: "True"
  - link "Open"
  - listitem:
    - group: (Default) False
  - listitem:
    - group: True True