["(Default) With Logo No Logo","Unlabeled graphic, logo","Custom Logo"]
