["(Default) With Logo No Logo","Unlabeled graphic, logo. To get missing image descriptions, open the context menu.","Custom Logo"]