["check box, half checked, Required Indeterminate","check box, half checked, Required Indeterminate","check box, half checked, Required Indeterminate","star","check box, not checked, required, Required star","TODO: Add a valid Message. checked","Required","star","TODO: Add a valid Message","star","Required","check box, checked, required, Required star","Please check this box if you want to proceed.. not checked","Required","star","Please check this box if you want to proceed."]