["button. dialog. document. clickable, Close, button. dialog. button, Close","Functional"]