["link, (Default) False","unavailable, link, True"]