["(Default) Regular, button","Expressive, button"]