- main:
  - heading "1DBLink" [level=1]
  - link "Density"
  - link "Functional"
  - link "(Default) Regular"
  - link "Expressive"
  - link "Variant"
  - link "(Default) Adaptive"
  - link "Brand"
  - link "Disabled"
  - link "(Default) False"
  - link "True" [disabled]
  - link "Size"
  - link "(Default) Medium"
  - link "Small"
  - link "Content"
  - link "(Default) Internal"
  - link "External"
  - link "Show Icon"
  - link "(Default) True"
  - link "False"